main.c:202:6:Init_SBC	24	static
main.c:244:15:reset_cause_get	248	static,ignoring_inline_asm
main.c:314:14:reset_cause_get_name	24	static
main.c:351:6:ConfigureCANFilters	104	dynamic
main.c:399:6:ClearCANBuffers	16	static
main.c:406:6:Init_CAN	8	static
main.c:428:5:main	24	static
main.c:536:6:SystemClock_Config	72	static
main.c:574:13:MX_NVIC_Init	8	static
main.c:592:13:MX_CAN_Init	8	static
main.c:629:13:MX_SPI1_Init	8	static
main.c:669:13:MX_USART2_UART_Init	8	static
main.c:704:13:MX_GPIO_Init	40	static
main.c:738:6:HAL_UART_RxCpltCallback	24	static
main.c:774:6:HAL_CAN_RxFifo0MsgPendingCallback	56	static
main.c:839:6:StartShiftCar	24	static
main.c:910:6:StartFeedWDG	32	static
main.c:942:6:HAL_TIM_PeriodElapsedCallback	16	static
main.c:959:6:Error_Handler	4	static
